// Jest Snapshot v1, https://goo.gl/fbAQLP

exports[`SampleComponent should render correctly 1`] = `
<DocumentFragment>
  <div
    class="MuiBox-root css-0"
  >
    <p
      class="MuiTypography-root MuiTypography-body1 css-ahj2mt-MuiTypography-root"
    >
      Clicks: 0
    </p>
    <button
      class="MuiButton-root MuiButton-text MuiButton-textPrimary MuiButton-sizeMedium MuiButton-textSizeMedium MuiButtonBase-root  css-1e6y48t-MuiButtonBase-root-MuiButton-root"
      tabindex="0"
      type="button"
    >
      Increment
      <span
        class="MuiTouchRipple-root css-8je8zh-MuiTouchRipple-root"
      />
    </button>
  </div>
</DocumentFragment>
`;
